---
source: datafusion/substrait/tests/cases/consumer_integration.rs
expression: plan_str
---
Aggregate: groupBy=[[]], aggr=[[sum(LINEITEM.L_EXTENDEDPRICE * Int32(1) - LINEITEM.L_DISCOUNT) AS REVENUE]]
  Projection: LINEITEM.L_EXTENDEDPRICE * (CAST(Int32(1) AS Decimal128(15, 2)) - LINEITEM.L_DISCOUNT)
    Filter: PART.P_PARTKEY = LINEITEM.L_PARTKEY AND PART.P_BRAND = Utf8("Brand#12") AND (PART.P_CONTAINER = CAST(Utf8("SM CASE") AS Utf8) OR PART.P_CONTAINER = CAST(Utf8("SM BOX") AS Utf8) OR PART.P_CONTAINER = CAST(Utf8("SM PACK") AS Utf8) OR PART.P_CONTAINER = CAST(Utf8("SM PKG") AS Utf8)) AND LINEITEM.L_QUANTITY >= CAST(Int32(1) AS Decimal128(15, 2)) AND LINEITEM.L_QUANTITY <= CAST(Int32(1) + Int32(10) AS Decimal128(15, 2)) AND PART.P_SIZE >= Int32(1) AND PART.P_SIZE <= Int32(5) AND (LINEITEM.L_SHIPMODE = CAST(Utf8("AIR") AS Utf8) OR LINEITEM.L_SHIPMODE = CAST(Utf8("AIR REG") AS Utf8)) AND LINEITEM.L_SHIPINSTRUCT = Utf8("DELIVER IN PERSON") OR PART.P_PARTKEY = LINEITEM.L_PARTKEY AND PART.P_BRAND = Utf8("Brand#23") AND (PART.P_CONTAINER = CAST(Utf8("MED BAG") AS Utf8) OR PART.P_CONTAINER = CAST(Utf8("MED BOX") AS Utf8) OR PART.P_CONTAINER = CAST(Utf8("MED PKG") AS Utf8) OR PART.P_CONTAINER = CAST(Utf8("MED PACK") AS Utf8)) AND LINEITEM.L_QUANTITY >= CAST(Int32(10) AS Decimal128(15, 2)) AND LINEITEM.L_QUANTITY <= CAST(Int32(10) + Int32(10) AS Decimal128(15, 2)) AND PART.P_SIZE >= Int32(1) AND PART.P_SIZE <= Int32(10) AND (LINEITEM.L_SHIPMODE = CAST(Utf8("AIR") AS Utf8) OR LINEITEM.L_SHIPMODE = CAST(Utf8("AIR REG") AS Utf8)) AND LINEITEM.L_SHIPINSTRUCT = Utf8("DELIVER IN PERSON") OR PART.P_PARTKEY = LINEITEM.L_PARTKEY AND PART.P_BRAND = Utf8("Brand#34") AND (PART.P_CONTAINER = CAST(Utf8("LG CASE") AS Utf8) OR PART.P_CONTAINER = CAST(Utf8("LG BOX") AS Utf8) OR PART.P_CONTAINER = CAST(Utf8("LG PACK") AS Utf8) OR PART.P_CONTAINER = CAST(Utf8("LG PKG") AS Utf8)) AND LINEITEM.L_QUANTITY >= CAST(Int32(20) AS Decimal128(15, 2)) AND LINEITEM.L_QUANTITY <= CAST(Int32(20) + Int32(10) AS Decimal128(15, 2)) AND PART.P_SIZE >= Int32(1) AND PART.P_SIZE <= Int32(15) AND (LINEITEM.L_SHIPMODE = CAST(Utf8("AIR") AS Utf8) OR LINEITEM.L_SHIPMODE = CAST(Utf8("AIR REG") AS Utf8)) AND LINEITEM.L_SHIPINSTRUCT = Utf8("DELIVER IN PERSON")
      Cross Join: 
        TableScan: LINEITEM
        TableScan: PART
