---
source: datafusion/core/tests/sql/path_partition.rs
expression: batches_to_sort_string(&result)
---
+----+-----+
| id | day |
+----+-----+
| 0  | 09  |
| 1  | 09  |
| 2  | 09  |
| 3  | 09  |
| 4  | 09  |
| 5  | 09  |
| 6  | 09  |
| 7  | 09  |
+----+-----+
