---
source: datafusion-cli/tests/cli_integration.rs
info:
  program: datafusion-cli
  args:
    - "--command"
    - "\\memory enable"
    - "--command"
    - "select 1"
    - "--command"
    - "\\memory show"
    - "-q"
---
success: true
exit_code: 0
----- stdout -----
Memory profiling enabled for next query
+----------+
| Int64(1) |
+----------+
| 1        |
+----------+
DataFusion-Cli: 16

----- stderr -----
