---
source: tests/cli_integration.rs
info:
  program: datafusion-cli
  args:
    - "--command"
    - select 1
    - "-q"
    - "--format"
    - table
---
success: true
exit_code: 0
----- stdout -----
+----------+
| Int64(1) |
+----------+
| 1        |
+----------+

----- stderr -----
