---
source: tests/snaphots.rs
info:
  program: datafusion-cli
  args: []
  stdin: "CREATE EXTERNAL TABLE cars\nSTORED AS CSV\nOPTIONS(\n    'aws.access_key_id' 'test',\n    'aws.secret_access_key' 'test',\n    'aws.region' 'us-east-1',\n    'aws.endpoint' 'http://localhost:4566',\n    'aws.allow_http' 'true'\n)\nLOCATION 's3://test-bucket/cars.csv';\n\nselect * from cars limit 1;"
input_file: tests/sql/load_s3_csv.sql
---
success: true
exit_code: 0
----- stdout -----
[CLI_VERSION]
0 row(s) fetched. 
[ELAPSED]

+-----+-------+---------------------+
| car | speed | time                |
+-----+-------+---------------------+
| red | 20.0  | 1996-04-12T12:05:03 |
+-----+-------+---------------------+
1 row(s) fetched. 
[ELAPSED]

\q

----- stderr -----
