---
source: datafusion/core/tests/user_defined/user_defined_plan.rs
description: Default context
expression: actual
---
+-------------+---------+
| customer_id | revenue |
+-------------+---------+
| paul        | 300     |
| jorge       | 200     |
| andy        | 150     |
+-------------+---------+
