---
source: datafusion/core/tests/user_defined/user_defined_aggregates.rs
expression: fmt_batches(&actual)
---
+----------------------------+
| time_sum                   |
+----------------------------+
| 1970-01-01T00:00:00.000019 |
| 1970-01-01T00:00:00.000019 |
| 1970-01-01T00:00:00.000019 |
| 1970-01-01T00:00:00.000019 |
| 1970-01-01T00:00:00.000019 |
+----------------------------+
