---
source: datafusion/core/tests/user_defined/user_defined_scalar_functions.rs
expression: fmt_batches(&alias_result)
---
+------------+
| dummy(t.i) |
+------------+
| 1          |
+------------+
